{
  "version": "1.5.0",
  "plugins_used": [
    {
      "name": "ArtifactoryDetector"
    },
    {
      "name": "AWSKeyDetector"
    },
    {
      "name": "AzureStorageKeyDetector"
    },
    {
      "name": "Base64HighEntropyString",
      "limit": 4.5
    },
    {
      "name": "BasicAuthDetector"
    },
    {
      "name": "CloudantDetector"
    },
    {
      "name": "DiscordBotTokenDetector"
    },
    {
      "name": "GitHubTokenDetector"
    },
    {
      "name": "GitLabTokenDetector"
    },
    {
      "name": "HexHighEntropyString",
      "limit": 3.0
    },
    {
      "name": "IbmCloudIamDetector"
    },
    {
      "name": "IbmCosHmacDetector"
    },
    {
      "name": "IPPublicDetector"
    },
    {
      "name": "JwtTokenDetector"
    },
    {
      "name": "KeywordDetector",
      "keyword_exclude": ""
    },
    {
      "name": "MailchimpDetector"
    },
    {
      "name": "NpmDetector"
    },
    {
      "name": "OpenAIDetector"
    },
    {
      "name": "PrivateKeyDetector"
    },
    {
      "name": "PypiTokenDetector"
    },
    {
      "name": "SendGridDetector"
    },
    {
      "name": "SlackDetector"
    },
    {
      "name": "SoftlayerDetector"
    },
    {
      "name": "SquareOAuthDetector"
    },
    {
      "name": "StripeDetector"
    },
    {
      "name": "TelegramBotTokenDetector"
    },
    {
      "name": "TwilioKeyDetector"
    }
  ],
  "filters_used": [
    {
      "path": "detect_secrets.filters.allowlist.is_line_allowlisted"
    },
    {
      "path": "detect_secrets.filters.common.is_ignored_due_to_verification_policies",
      "min_level": 2
    },
    {
      "path": "detect_secrets.filters.heuristic.is_indirect_reference"
    },
    {
      "path": "detect_secrets.filters.heuristic.is_likely_id_string"
    },
    {
      "path": "detect_secrets.filters.heuristic.is_lock_file"
    },
    {
      "path": "detect_secrets.filters.heuristic.is_not_alphanumeric_string"
    },
    {
      "path": "detect_secrets.filters.heuristic.is_potential_uuid"
    },
    {
      "path": "detect_secrets.filters.heuristic.is_prefixed_with_dollar_sign"
    },
    {
      "path": "detect_secrets.filters.heuristic.is_sequential_string"
    },
    {
      "path": "detect_secrets.filters.heuristic.is_swagger_file"
    },
    {
      "path": "detect_secrets.filters.heuristic.is_templated_secret"
    },
    {
      "path": "detect_secrets.filters.regex.should_exclude_file",
      "pattern": [
        "(target/.*|\\.secrets\\.baseline)"
      ]
    }
  ],
  "results": {
    "examples/config/minimal.toml": [
      {
        "type": "Secret Keyword",
        "filename": "examples/config/minimal.toml",
        "hashed_secret": "314853476e3fb8d3ae456d287dc7424416e6898b",
        "is_verified": false,
        "line_number": 17
      }
    ],
    "examples/config/production.toml": [
      {
        "type": "Secret Keyword",
        "filename": "examples/config/production.toml",
        "hashed_secret": "dc2efaa706f9ba59dc42dbe1e9b94d2e7e7ce159",
        "is_verified": false,
        "line_number": 18
      }
    ],
    "examples/src/config/app_config.rs": [
      {
        "type": "Secret Keyword",
        "filename": "examples/src/config/app_config.rs",
        "hashed_secret": "46a6c998eb160607c6662fd3efc5b00dba6a2315",
        "is_verified": false,
        "line_number": 107
      }
    ],
    "examples/src/security/comprehensive.rs": [
      {
        "type": "Secret Keyword",
        "filename": "examples/src/security/comprehensive.rs",
        "hashed_secret": "cbfdac6008f9cab4083784cbd1874f76618d2a97",
        "is_verified": false,
        "line_number": 530
      }
    ],
    "examples/tests/comprehensive_features.rs": [
      {
        "type": "Secret Keyword",
        "filename": "examples/tests/comprehensive_features.rs",
        "hashed_secret": "8963ee7ae54022e242db4c0ff48c0f11ff584a41",
        "is_verified": false,
        "line_number": 562
      }
    ],
    "src/benches/sdforge_bench.rs": [
      {
        "type": "Secret Keyword",
        "filename": "src/benches/sdforge_bench.rs",
        "hashed_secret": "acdf0b86e56981b1f5fd3763520c78946c267b2a",
        "is_verified": false,
        "line_number": 423
      }
    ],
    "src/config/auth.rs": [
      {
        "type": "Secret Keyword",
        "filename": "src/config/auth.rs",
        "hashed_secret": "99091d046a81493ef2545d8c3cd8e881e8702893",
        "is_verified": false,
        "line_number": 131
      },
      {
        "type": "Secret Keyword",
        "filename": "src/config/auth.rs",
        "hashed_secret": "0350d6698f3f4595ad926d1d8451d71487605a26",
        "is_verified": false,
        "line_number": 187
      },
      {
        "type": "Secret Keyword",
        "filename": "src/config/auth.rs",
        "hashed_secret": "01c92a77244f5e8e3b1e566c4a9266e724de6d98",
        "is_verified": false,
        "line_number": 217
      },
      {
        "type": "Secret Keyword",
        "filename": "src/config/auth.rs",
        "hashed_secret": "a0f4ea7d91495df92bbac2e2149dfb850fe81396",
        "is_verified": false,
        "line_number": 267
      },
      {
        "type": "Hex High Entropy String",
        "filename": "src/config/auth.rs",
        "hashed_secret": "b1775a785f09a6ebaf2dc33d6eaeb98974d9cdb8",
        "is_verified": false,
        "line_number": 320
      }
    ],
    "src/config/mod.rs": [
      {
        "type": "Secret Keyword",
        "filename": "src/config/mod.rs",
        "hashed_secret": "a94a8fe5ccb19ba61c4c0873d391e987982fbbd3",
        "is_verified": false,
        "line_number": 146
      },
      {
        "type": "Secret Keyword",
        "filename": "src/config/mod.rs",
        "hashed_secret": "fe1bae27cb7c1fb823f496f286e78f1d2ae87734",
        "is_verified": false,
        "line_number": 241
      }
    ],
    "src/grpc/tests/interceptor_tests.rs": [
      {
        "type": "Secret Keyword",
        "filename": "src/grpc/tests/interceptor_tests.rs",
        "hashed_secret": "5e5cd4e71ef3f2ae536e9ae62677cd4dd661a705",
        "is_verified": false,
        "line_number": 20
      },
      {
        "type": "Secret Keyword",
        "filename": "src/grpc/tests/interceptor_tests.rs",
        "hashed_secret": "565fd86caafe6601349d4a916ed1cc09e4ba9bca",
        "is_verified": false,
        "line_number": 72
      }
    ],
    "src/grpc/tests/mod.rs": [
      {
        "type": "Base64 High Entropy String",
        "filename": "src/grpc/tests/mod.rs",
        "hashed_secret": "e582429052cdb908833560f6f7582d232de37c4d",
        "is_verified": false,
        "line_number": 52
      }
    ],
    "src/http/tests/config_tests.rs": [
      {
        "type": "Secret Keyword",
        "filename": "src/http/tests/config_tests.rs",
        "hashed_secret": "8491f581292d378982fa5848445bf268af11b432",
        "is_verified": false,
        "line_number": 23
      },
      {
        "type": "Secret Keyword",
        "filename": "src/http/tests/config_tests.rs",
        "hashed_secret": "fa03ad82d390789b4bcce1f71f1f50ea4c3a06bd",
        "is_verified": false,
        "line_number": 344
      },
      {
        "type": "Secret Keyword",
        "filename": "src/http/tests/config_tests.rs",
        "hashed_secret": "ef70b46e4fd47dcd89d5077ff96e67e92eb3e6b0",
        "is_verified": false,
        "line_number": 364
      },
      {
        "type": "Secret Keyword",
        "filename": "src/http/tests/config_tests.rs",
        "hashed_secret": "901f4d71a929a111b9de63172480adeb2defe259",
        "is_verified": false,
        "line_number": 385
      },
      {
        "type": "Secret Keyword",
        "filename": "src/http/tests/config_tests.rs",
        "hashed_secret": "2d219a9ecc7f0e14d9155eced4f0f0589d27c1b0",
        "is_verified": false,
        "line_number": 444
      }
    ],
    "src/http/tests/middleware_tests.rs": [
      {
        "type": "Secret Keyword",
        "filename": "src/http/tests/middleware_tests.rs",
        "hashed_secret": "7a59f98f1c3779298abd010fa188497781eb2feb",
        "is_verified": false,
        "line_number": 231
      }
    ],
    "src/security/audit/tests/audit_logger_tests.rs": [
      {
        "type": "JSON Web Token",
        "filename": "src/security/audit/tests/audit_logger_tests.rs",
        "hashed_secret": "34c659f4df06118f5bc39edc355b4542851ad3f6",
        "is_verified": false,
        "line_number": 14
      },
      {
        "type": "JSON Web Token",
        "filename": "src/security/audit/tests/audit_logger_tests.rs",
        "hashed_secret": "92a800fa68609f76bfe58e926106352467d3ae8c",
        "is_verified": false,
        "line_number": 80
      },
      {
        "type": "JSON Web Token",
        "filename": "src/security/audit/tests/audit_logger_tests.rs",
        "hashed_secret": "d6b66ddd9ea7dbe760114bfe9a97352a5e139134",
        "is_verified": false,
        "line_number": 484
      },
      {
        "type": "Secret Keyword",
        "filename": "src/security/audit/tests/audit_logger_tests.rs",
        "hashed_secret": "f2b14f68eb995facb3a1c35287b778d5bd785511",
        "is_verified": false,
        "line_number": 500
      },
      {
        "type": "JSON Web Token",
        "filename": "src/security/audit/tests/audit_logger_tests.rs",
        "hashed_secret": "25669d5317082c5b4f5fcd4b73aa1dfed0f9958f",
        "is_verified": false,
        "line_number": 548
      }
    ],
    "src/security/bearer/bearer_impl.rs": [
      {
        "type": "Base64 High Entropy String",
        "filename": "src/security/bearer/bearer_impl.rs",
        "hashed_secret": "e582429052cdb908833560f6f7582d232de37c4d",
        "is_verified": false,
        "line_number": 247
      }
    ],
    "src/security/bearer/tests/bearer_auth_tests.rs": [
      {
        "type": "Secret Keyword",
        "filename": "src/security/bearer/tests/bearer_auth_tests.rs",
        "hashed_secret": "7a59f98f1c3779298abd010fa188497781eb2feb",
        "is_verified": false,
        "line_number": 141
      },
      {
        "type": "Secret Keyword",
        "filename": "src/security/bearer/tests/bearer_auth_tests.rs",
        "hashed_secret": "45158b41d4dc02431642a42ccb05bbc5a5e684a8",
        "is_verified": false,
        "line_number": 194
      },
      {
        "type": "Secret Keyword",
        "filename": "src/security/bearer/tests/bearer_auth_tests.rs",
        "hashed_secret": "1f3696055655016d0f5cfb818a79c67203219267",
        "is_verified": false,
        "line_number": 764
      },
      {
        "type": "Secret Keyword",
        "filename": "src/security/bearer/tests/bearer_auth_tests.rs",
        "hashed_secret": "5752aaa656b10cec94a9342ed24367bd9a15516a",
        "is_verified": false,
        "line_number": 767
      },
      {
        "type": "Base64 High Entropy String",
        "filename": "src/security/bearer/tests/bearer_auth_tests.rs",
        "hashed_secret": "70d4c5c859e99f7ec9310ecc06e9d5e6aab317e5",
        "is_verified": false,
        "line_number": 1343
      }
    ],
    "src/security/bearer/tests/builder_tests.rs": [
      {
        "type": "Base64 High Entropy String",
        "filename": "src/security/bearer/tests/builder_tests.rs",
        "hashed_secret": "322278a73a09714d8532087fc41e5e233d15f122",
        "is_verified": false,
        "line_number": 118
      }
    ],
    "tests/integration/security_tests.rs": [
      {
        "type": "Base64 High Entropy String",
        "filename": "tests/integration/security_tests.rs",
        "hashed_secret": "681f997c0bb4644f3b0551554ee5da0b923713e4",
        "is_verified": false,
        "line_number": 345
      },
      {
        "type": "JSON Web Token",
        "filename": "tests/integration/security_tests.rs",
        "hashed_secret": "34c659f4df06118f5bc39edc355b4542851ad3f6",
        "is_verified": false,
        "line_number": 734
      }
    ],
    "tests/integration/websocket_tests.rs": [
      {
        "type": "Base64 High Entropy String",
        "filename": "tests/integration/websocket_tests.rs",
        "hashed_secret": "c1717c7e8798acf40453237835cf57d3e1a7fd93",
        "is_verified": false,
        "line_number": 196
      }
    ],
    "tests/unit/config_tests.rs": [
      {
        "type": "Secret Keyword",
        "filename": "tests/unit/config_tests.rs",
        "hashed_secret": "83ff9f4e0d16d61727cbdf47d769fb707b652217",
        "is_verified": false,
        "line_number": 73
      },
      {
        "type": "Secret Keyword",
        "filename": "tests/unit/config_tests.rs",
        "hashed_secret": "36e7ce08e2bd9c87439aa72b7aef444befedff7e",
        "is_verified": false,
        "line_number": 266
      },
      {
        "type": "Secret Keyword",
        "filename": "tests/unit/config_tests.rs",
        "hashed_secret": "ffcd567999283d30d10b473767781475af7c75bf",
        "is_verified": false,
        "line_number": 277
      },
      {
        "type": "Secret Keyword",
        "filename": "tests/unit/config_tests.rs",
        "hashed_secret": "e5e9fa1ba31ecd1ae84f75caaa474f3a663f05f4",
        "is_verified": false,
        "line_number": 326
      }
    ]
  },
  "generated_at": "2026-07-17T16:24:21Z"
}
